C:\Users\Harsh Patel\Documents\NetBeansProjects\cart\src\main\java\com\mycompany\cart\entities\User.java
C:\Users\Harsh Patel\Documents\NetBeansProjects\cart\src\main\java\com\mycompany\cart\servlets\ProductOperationServlet.java
C:\Users\Harsh Patel\Documents\NetBeansProjects\cart\src\main\java\com\mycompany\cart\entities\Product.java
C:\Users\Harsh Patel\Documents\NetBeansProjects\cart\src\main\java\com\mycompany\cart\servlets\RegisterServlet.java
C:\Users\Harsh Patel\Documents\NetBeansProjects\cart\src\main\java\com\mycompany\cart\dao\UserDao.java
C:\Users\Harsh Patel\Documents\NetBeansProjects\cart\src\main\java\com\mycompany\cart\servlets\LogoutServlet.java
C:\Users\Harsh Patel\Documents\NetBeansProjects\cart\src\main\java\com\mycompany\cart\FactoryProvider.java
C:\Users\Harsh Patel\Documents\NetBeansProjects\cart\src\main\java\com\mycompany\cart\Helper.java
C:\Users\Harsh Patel\Documents\NetBeansProjects\cart\src\main\java\com\mycompany\cart\entities\Category.java
C:\Users\Harsh Patel\Documents\NetBeansProjects\cart\src\main\java\com\mycompany\cart\servlets\LoginServlet.java
C:\Users\Harsh Patel\Documents\NetBeansProjects\cart\src\main\java\com\mycompany\cart\dao\CategoryDao.java
C:\Users\Harsh Patel\Documents\NetBeansProjects\cart\src\main\java\com\mycompany\cart\dao\ProductDao.java
